annotations=5000 videos=5000 proposals=20000 split=validation
usable (annotation+video+proposal)=5000
pos mean [-0.74511415 -0.03581344] std [1.9639225 1.797404 ]
windows=20000
  500/20000 windows  (40.0/s)
  1000/20000 windows  (40.0/s)
  1500/20000 windows  (41.5/s)
  2000/20000 windows  (40.6/s)
  2500/20000 windows  (42.0/s)
  3000/20000 windows  (42.4/s)
  3500/20000 windows  (41.6/s)
  4000/20000 windows  (41.8/s)
  4500/20000 windows  (41.5/s)
  5000/20000 windows  (41.2/s)
  5500/20000 windows  (41.4/s)
  6000/20000 windows  (41.3/s)
  6500/20000 windows  (41.5/s)
  7000/20000 windows  (41.4/s)
  7500/20000 windows  (41.3/s)
  8000/20000 windows  (41.4/s)
  8500/20000 windows  (41.3/s)
  9000/20000 windows  (41.4/s)
  9500/20000 windows  (41.4/s)
  10000/20000 windows  (41.2/s)
  10500/20000 windows  (41.3/s)
  11000/20000 windows  (41.2/s)
  11500/20000 windows  (41.4/s)
  12000/20000 windows  (41.3/s)
  12500/20000 windows  (41.2/s)
  13000/20000 windows  (41.4/s)
  13500/20000 windows  (41.4/s)
  14000/20000 windows  (41.4/s)
  14500/20000 windows  (41.6/s)
  15000/20000 windows  (41.7/s)
  15500/20000 windows  (41.9/s)
  16000/20000 windows  (41.9/s)
  16500/20000 windows  (41.8/s)
  17000/20000 windows  (42.0/s)
  17500/20000 windows  (42.0/s)
  18000/20000 windows  (41.9/s)
  18500/20000 windows  (42.1/s)
  19000/20000 windows  (42.1/s)
  19500/20000 windows  (42.3/s)
  20000/20000 windows  (42.2/s)
saved 20000 windows -> out/clevrer_feats.npz  (483s)
